<Root>
  <AUTHOR>
    <AUT_ID>1</AUT_ID>
    <AUT_FIRSTNAME>OriginalFIRSTNAME</AUT_FIRSTNAME>
    <AUT_LASTNAME>OriginalLASTNAME</AUT_LASTNAME>
    <AUT_EXPERIENCE>999</AUT_EXPERIENCE>
  </AUTHOR>  
</Root>